/home/ubuntu/workdir/processed_harrison_scenario/gather/taylor_mail/logs/horde/horde-error.log
/home/ubuntu/workdir/processed_harrison_scenario/gather/intranet_server/logs/apache2/other_vhosts_access.log
/home/ubuntu/workdir/processed_harrison_scenario/gather/smith_mail/logs/horde/horde-error.log
/home/ubuntu/workdir/processed_harrison_scenario/gather/smith_mail/logs/mail.warn.1
/home/ubuntu/workdir/processed_harrison_scenario/gather/smith_mail/logs/mail.warn
/home/ubuntu/workdir/processed_harrison_scenario/gather/webserver/logs/apache2/proxy-error.log.5
/home/ubuntu/workdir/processed_harrison_scenario/gather/intranet_server/logs/apache2/intranet.mannsmith.harrison.com-error.log.4
/home/ubuntu/workdir/processed_harrison_scenario/gather/mail/logs/mail.warn.1
/home/ubuntu/workdir/processed_harrison_scenario/gather/mail/logs/mail.warn
/home/ubuntu/workdir/processed_harrison_scenario/gather/webserver/logs/apache2/proxy-error.log.4
/home/ubuntu/workdir/processed_harrison_scenario/gather/taylor_mail/logs/mail.warn.1
/home/ubuntu/workdir/processed_harrison_scenario/gather/taylor_mail/logs/mail.warn
/home/ubuntu/workdir/processed_harrison_scenario/gather/intranet_server/logs/apache2/intranet.mannsmith.harrison.com-error.log.3
/home/ubuntu/workdir/processed_harrison_scenario/gather/webserver/logs/apache2/proxy-error.log.3
/home/ubuntu/workdir/processed_harrison_scenario/gather/intranet_server/logs/apache2/intranet.mannsmith.harrison.com-error.log.2
/home/ubuntu/workdir/processed_harrison_scenario/gather/mail/logs/horde/horde-error.log
/home/ubuntu/workdir/processed_harrison_scenario/gather/webserver/logs/apache2/proxy-error.log.2
/home/ubuntu/workdir/processed_harrison_scenario/gather/cloud_share/logs/apache2/error.log.5
/home/ubuntu/workdir/processed_harrison_scenario/gather/webserver/logs/apache2/proxy-error.log.1
/home/ubuntu/workdir/processed_harrison_scenario/gather/internal_employee_2/logs/sm.log
/home/ubuntu/workdir/processed_harrison_scenario/gather/webserver/logs/apache2/proxy-error.log
/home/ubuntu/workdir/processed_harrison_scenario/gather/webserver/logs/apache2/mail.mannsmith.harrison.com-error.log
/home/ubuntu/workdir/processed_harrison_scenario/gather/cloud_share/logs/apache2/error.log.4
/home/ubuntu/workdir/processed_harrison_scenario/gather/webserver/logs/syslog.5
/home/ubuntu/workdir/processed_harrison_scenario/gather/vpn/logs/auth.log.1
/home/ubuntu/workdir/processed_harrison_scenario/gather/cloud_share/logs/syslog.5
/home/ubuntu/workdir/processed_harrison_scenario/gather/webserver/logs/apache2/error.log.5
/home/ubuntu/workdir/processed_harrison_scenario/gather/mail/logs/auth.log.1
/home/ubuntu/workdir/processed_harrison_scenario/gather/webserver/logs/syslog.4
/home/ubuntu/workdir/processed_harrison_scenario/gather/vpn/logs/auth.log
/home/ubuntu/workdir/processed_harrison_scenario/gather/webserver/logs/apache2/error.log.4
/home/ubuntu/workdir/processed_harrison_scenario/gather/inet-firewall/logs/auth.log.1
/home/ubuntu/workdir/processed_harrison_scenario/gather/webserver/logs/auth.log.1
/home/ubuntu/workdir/processed_harrison_scenario/gather/vpn/logs/audit/audit.log
/home/ubuntu/workdir/processed_harrison_scenario/gather/cloud_share/logs/auth.log.1
/home/ubuntu/workdir/processed_harrison_scenario/gather/webserver/logs/apache2/error.log.3
/home/ubuntu/workdir/processed_harrison_scenario/gather/internal_share/logs/audit/audit.log
/home/ubuntu/workdir/processed_harrison_scenario/gather/taylor_mail/logs/mail.info.1
/home/ubuntu/workdir/processed_harrison_scenario/gather/internal_share/logs/auth.log.1
/home/ubuntu/workdir/processed_harrison_scenario/gather/webserver/logs/apache2/error.log.2
/home/ubuntu/workdir/processed_harrison_scenario/gather/inet-firewall/logs/auth.log
/home/ubuntu/workdir/processed_harrison_scenario/gather/vpn/logs/syslog.5
/home/ubuntu/workdir/processed_harrison_scenario/gather/cloud_share/logs/syslog.4
/home/ubuntu/workdir/processed_harrison_scenario/gather/smith_mail/logs/mail.log.1
/home/ubuntu/workdir/processed_harrison_scenario/gather/webserver/logs/syslog.3
/home/ubuntu/workdir/processed_harrison_scenario/gather/intranet_server/logs/auth.log.1
/home/ubuntu/workdir/processed_harrison_scenario/gather/webserver/logs/apache2/proxy-access.log.5
/home/ubuntu/workdir/processed_harrison_scenario/gather/mail/logs/auth.log
/home/ubuntu/workdir/processed_harrison_scenario/gather/internal_share/logs/auth.log
/home/ubuntu/workdir/processed_harrison_scenario/gather/webserver/logs/apache2/error.log.1
/home/ubuntu/workdir/processed_harrison_scenario/gather/vpn/logs/syslog.4
/home/ubuntu/workdir/processed_harrison_scenario/gather/intranet_server/logs/audit/audit.log
/home/ubuntu/workdir/processed_harrison_scenario/gather/cloud_share/logs/apache2/error.log.3
/home/ubuntu/workdir/processed_harrison_scenario/gather/inet-firewall/logs/syslog.5
/home/ubuntu/workdir/processed_harrison_scenario/gather/webserver/logs/apache2/error.log
/home/ubuntu/workdir/processed_harrison_scenario/gather/webserver/logs/apache2/cloud.mannsmith.harrison.com-error.log
/home/ubuntu/workdir/processed_harrison_scenario/gather/vpn/logs/syslog.3
/home/ubuntu/workdir/processed_harrison_scenario/gather/smith_mail/logs/mail.info.1
/home/ubuntu/workdir/processed_harrison_scenario/gather/intranet_server/logs/syslog.5
/home/ubuntu/workdir/processed_harrison_scenario/gather/cloud_share/logs/apache2/error.log.2
/home/ubuntu/workdir/processed_harrison_scenario/gather/taylor_mail/logs/mail.log.1
/home/ubuntu/workdir/processed_harrison_scenario/gather/webserver/logs/auth.log
/home/ubuntu/workdir/processed_harrison_scenario/gather/cloud_share/logs/syslog.3
/home/ubuntu/workdir/processed_harrison_scenario/gather/cloud_share/logs/auth.log
/home/ubuntu/workdir/processed_harrison_scenario/gather/vpn/logs/syslog.2
/home/ubuntu/workdir/processed_harrison_scenario/gather/intranet_server/logs/apache2/intranet.mannsmith.harrison.com-error.log.1
/home/ubuntu/workdir/processed_harrison_scenario/gather/intranet_server/logs/apache2/intranet.mannsmith.harrison.com-error.log
/home/ubuntu/workdir/processed_harrison_scenario/gather/intranet_server/logs/syslog.4
/home/ubuntu/workdir/processed_harrison_scenario/gather/webserver/logs/syslog.2
/home/ubuntu/workdir/processed_harrison_scenario/gather/mail/logs/mail.log.1
/home/ubuntu/workdir/processed_harrison_scenario/gather/mail/logs/mail.info.1
/home/ubuntu/workdir/processed_harrison_scenario/gather/webserver/logs/apache2/proxy-access.log.4
/home/ubuntu/workdir/processed_harrison_scenario/gather/webserver/logs/audit/audit.log
/home/ubuntu/workdir/processed_harrison_scenario/gather/inet-firewall/logs/syslog.4
/home/ubuntu/workdir/processed_harrison_scenario/gather/inet-firewall/logs/audit/audit.log
/home/ubuntu/workdir/processed_harrison_scenario/gather/vpn/logs/syslog.1
/home/ubuntu/workdir/processed_harrison_scenario/gather/intranet_server/logs/apache2/error.log.5
/home/ubuntu/workdir/processed_harrison_scenario/gather/intranet_server/logs/syslog.3
/home/ubuntu/workdir/processed_harrison_scenario/gather/intranet_server/logs/auth.log
/home/ubuntu/workdir/processed_harrison_scenario/gather/smith_mail/logs/mail.log
/home/ubuntu/workdir/processed_harrison_scenario/gather/cloud_share/logs/apache2/error.log.1
/home/ubuntu/workdir/processed_harrison_scenario/gather/cloud_share/logs/syslog.2
/home/ubuntu/workdir/processed_harrison_scenario/gather/vpn/logs/syslog
/home/ubuntu/workdir/processed_harrison_scenario/gather/intranet_server/logs/apache2/error.log.4
/home/ubuntu/workdir/processed_harrison_scenario/gather/intranet_server/logs/syslog.2
/home/ubuntu/workdir/processed_harrison_scenario/gather/webserver/logs/syslog.1
/home/ubuntu/workdir/processed_harrison_scenario/gather/internal_share/logs/syslog.5
/home/ubuntu/workdir/processed_harrison_scenario/gather/cloud_share/logs/apache2/error.log
/home/ubuntu/workdir/processed_harrison_scenario/gather/intranet_server/logs/apache2/error.log.3
/home/ubuntu/workdir/processed_harrison_scenario/gather/smith_mail/logs/mail.info
/home/ubuntu/workdir/processed_harrison_scenario/gather/intranet_server/logs/syslog.1
/home/ubuntu/workdir/processed_harrison_scenario/gather/internal_share/logs/syslog.4
/home/ubuntu/workdir/processed_harrison_scenario/gather/internal_share/logs/syslog.3
/home/ubuntu/workdir/processed_harrison_scenario/gather/intranet_server/logs/apache2/error.log.2
/home/ubuntu/workdir/processed_harrison_scenario/gather/intranet_server/logs/syslog
/home/ubuntu/workdir/processed_harrison_scenario/gather/webserver/logs/syslog
/home/ubuntu/workdir/processed_harrison_scenario/gather/internal_share/logs/syslog.2
/home/ubuntu/workdir/processed_harrison_scenario/gather/webserver/logs/apache2/proxy-access.log.3
/home/ubuntu/workdir/processed_harrison_scenario/gather/inet-firewall/logs/syslog.3
/home/ubuntu/workdir/processed_harrison_scenario/gather/cloud_share/logs/syslog.1
/home/ubuntu/workdir/processed_harrison_scenario/gather/internal_share/logs/syslog.1
/home/ubuntu/workdir/processed_harrison_scenario/gather/monitoring/logs/logstash/intranet-server/2022-02-09-system.cpu.log
/home/ubuntu/workdir/processed_harrison_scenario/gather/internal_share/logs/syslog
/home/ubuntu/workdir/processed_harrison_scenario/gather/webserver/logs/apache2/proxy-access.log.2
/home/ubuntu/workdir/processed_harrison_scenario/gather/intranet_server/logs/apache2/intranet.mannsmith.harrison.com-access.log.5
/home/ubuntu/workdir/processed_harrison_scenario/gather/taylor_mail/logs/mail.info
/home/ubuntu/workdir/processed_harrison_scenario/gather/cloud_share/logs/syslog
/home/ubuntu/workdir/processed_harrison_scenario/gather/mail/logs/mail.log
/home/ubuntu/workdir/processed_harrison_scenario/gather/cloud_share/logs/audit/audit.log
/home/ubuntu/workdir/processed_harrison_scenario/gather/inet-firewall/logs/syslog.2
/home/ubuntu/workdir/processed_harrison_scenario/gather/taylor_mail/logs/mail.log
/home/ubuntu/workdir/processed_harrison_scenario/gather/intranet_server/logs/apache2/error.log.1
/home/ubuntu/workdir/processed_harrison_scenario/gather/intranet_server/logs/apache2/error.log
/home/ubuntu/workdir/processed_harrison_scenario/gather/vpn/logs/openvpn.log
/home/ubuntu/workdir/processed_harrison_scenario/gather/webserver/logs/apache2/proxy-access.log.1
/home/ubuntu/workdir/processed_harrison_scenario/gather/inet-firewall/logs/syslog.1
/home/ubuntu/workdir/processed_harrison_scenario/gather/ext_user_5/logs/sm.log
/home/ubuntu/workdir/processed_harrison_scenario/gather/inet-firewall/logs/syslog
/home/ubuntu/workdir/processed_harrison_scenario/gather/webserver/logs/apache2/proxy-access.log
/home/ubuntu/workdir/processed_harrison_scenario/gather/webserver/logs/apache2/other_vhosts_access.log
/home/ubuntu/workdir/processed_harrison_scenario/gather/internal_employee_0/logs/sm.log
/home/ubuntu/workdir/processed_harrison_scenario/gather/mail/logs/mail.info
/home/ubuntu/workdir/processed_harrison_scenario/gather/mail/logs/syslog.5
/home/ubuntu/workdir/processed_harrison_scenario/gather/cloud_share/logs/apache2/other_vhosts_access.log.5
/home/ubuntu/workdir/processed_harrison_scenario/gather/remote_employee_0/logs/sm.log
/home/ubuntu/workdir/processed_harrison_scenario/gather/ext_user_4/logs/sm.log
/home/ubuntu/workdir/processed_harrison_scenario/gather/intranet_server/logs/apache2/intranet.mannsmith.harrison.com-access.log.4
/home/ubuntu/workdir/processed_harrison_scenario/gather/ext_user_0/logs/sm.log
/home/ubuntu/workdir/processed_harrison_scenario/gather/internal_employee_1/logs/sm.log
/home/ubuntu/workdir/processed_harrison_scenario/gather/attacker_0/logs/dnsteal.log
/home/ubuntu/workdir/processed_harrison_scenario/gather/mail/logs/audit/audit.log
/home/ubuntu/workdir/processed_harrison_scenario/gather/cloud_share/logs/apache2/other_vhosts_access.log.4
/home/ubuntu/workdir/processed_harrison_scenario/gather/remote_employee_4/logs/sm.log
/home/ubuntu/workdir/processed_harrison_scenario/gather/ext_user_2/logs/sm.log
/home/ubuntu/workdir/processed_harrison_scenario/gather/mail/logs/syslog.4
/home/ubuntu/workdir/processed_harrison_scenario/gather/remote_employee_5/logs/sm.log
/home/ubuntu/workdir/processed_harrison_scenario/gather/monitoring/logs/logstash/intranet-server/2022-02-08-system.cpu.log
/home/ubuntu/workdir/processed_harrison_scenario/gather/remote_employee_2/logs/sm.log
/home/ubuntu/workdir/processed_harrison_scenario/gather/ext_user_3/logs/sm.log
/home/ubuntu/workdir/processed_harrison_scenario/gather/ext_user_1/logs/sm.log
/home/ubuntu/workdir/processed_harrison_scenario/gather/remote_employee_3/logs/sm.log
/home/ubuntu/workdir/processed_harrison_scenario/gather/remote_employee_1/logs/sm.log
/home/ubuntu/workdir/processed_harrison_scenario/gather/intranet_server/logs/apache2/intranet.mannsmith.harrison.com-access.log.3
/home/ubuntu/workdir/processed_harrison_scenario/gather/mail/logs/syslog.3
/home/ubuntu/workdir/processed_harrison_scenario/gather/smith_mail/logs/horde/horde-access.log
/home/ubuntu/workdir/processed_harrison_scenario/gather/mail/logs/syslog.2
/home/ubuntu/workdir/processed_harrison_scenario/gather/monitoring/logs/logstash/intranet-server/2022-02-07-system.cpu.log
/home/ubuntu/workdir/processed_harrison_scenario/gather/taylor_mail/logs/horde/horde-access.log
/home/ubuntu/workdir/processed_harrison_scenario/gather/intranet_server/logs/apache2/intranet.mannsmith.harrison.com-access.log.2
/home/ubuntu/workdir/processed_harrison_scenario/gather/mail/logs/syslog.1
/home/ubuntu/workdir/processed_harrison_scenario/gather/cloud_share/logs/apache2/other_vhosts_access.log.3
/home/ubuntu/workdir/processed_harrison_scenario/gather/webserver/logs/apache2/mail.mannsmith.harrison.com-access.log.5
/home/ubuntu/workdir/processed_harrison_scenario/gather/mail/logs/syslog
/home/ubuntu/workdir/processed_harrison_scenario/gather/attacker_0/logs/ait.aecid.attacker.wpdiscuz/sm.log
/home/ubuntu/workdir/processed_harrison_scenario/gather/monitoring/logs/logstash/intranet-server/2022-02-06-system.cpu.log
/home/ubuntu/workdir/processed_harrison_scenario/gather/cloud_share/logs/apache2/other_vhosts_access.log.2
/home/ubuntu/workdir/processed_harrison_scenario/gather/webserver/logs/apache2/mail.mannsmith.harrison.com-access.log.4
/home/ubuntu/workdir/processed_harrison_scenario/gather/monitoring/logs/logstash/intranet-server/2022-02-05-system.cpu.log
/home/ubuntu/workdir/processed_harrison_scenario/gather/cloud_share/logs/apache2/other_vhosts_access.log.1
/home/ubuntu/workdir/processed_harrison_scenario/gather/cloud_share/logs/apache2/other_vhosts_access.log
/home/ubuntu/workdir/processed_harrison_scenario/gather/cloud_share/logs/apache2/access.log
/home/ubuntu/workdir/processed_harrison_scenario/gather/monitoring/logs/logstash/intranet-server/2022-02-04-system.cpu.log
/home/ubuntu/workdir/processed_harrison_scenario/gather/webserver/logs/apache2/mail.mannsmith.harrison.com-access.log.3
/home/ubuntu/workdir/processed_harrison_scenario/gather/monitoring/logs/logstash/intranet-server/2022-02-03-system.cpu.log
/home/ubuntu/workdir/processed_harrison_scenario/gather/webserver/logs/apache2/mail.mannsmith.harrison.com-access.log.2
/home/ubuntu/workdir/processed_harrison_scenario/gather/attacker_0/logs/dnsteal/traffic.json
/home/ubuntu/workdir/processed_harrison_scenario/gather/mail/logs/horde/horde-access.log
/home/ubuntu/workdir/processed_harrison_scenario/gather/webserver/logs/apache2/mail.mannsmith.harrison.com-access.log.1
/home/ubuntu/workdir/processed_harrison_scenario/gather/webserver/logs/apache2/mail.mannsmith.harrison.com-access.log
/home/ubuntu/workdir/processed_harrison_scenario/gather/webserver/logs/apache2/cloud.mannsmith.harrison.com-access.log.5
/home/ubuntu/workdir/processed_harrison_scenario/gather/webserver/logs/apache2/cloud.mannsmith.harrison.com-access.log.4
/home/ubuntu/workdir/processed_harrison_scenario/gather/webserver/logs/apache2/cloud.mannsmith.harrison.com-access.log.3
/home/ubuntu/workdir/processed_harrison_scenario/gather/webserver/logs/apache2/cloud.mannsmith.harrison.com-access.log.2
/home/ubuntu/workdir/processed_harrison_scenario/gather/webserver/logs/apache2/cloud.mannsmith.harrison.com-access.log.1
/home/ubuntu/workdir/processed_harrison_scenario/gather/webserver/logs/apache2/cloud.mannsmith.harrison.com-access.log
/home/ubuntu/workdir/processed_harrison_scenario/gather/webserver/logs/apache2/access.log
/home/ubuntu/workdir/processed_harrison_scenario/gather/inet-dns/logs/dnsmasq.log
/home/ubuntu/workdir/processed_harrison_scenario/gather/intranet_server/logs/apache2/intranet.mannsmith.harrison.com-access.log.1
/home/ubuntu/workdir/processed_harrison_scenario/gather/intranet_server/logs/apache2/intranet.mannsmith.harrison.com-access.log
/home/ubuntu/workdir/processed_harrison_scenario/gather/intranet_server/logs/apache2/access.log.1
/home/ubuntu/workdir/processed_harrison_scenario/gather/intranet_server/logs/apache2/access.log
/home/ubuntu/workdir/processed_harrison_scenario/gather/inet-firewall/logs/dnsmasq.log
/home/ubuntu/workdir/processed_harrison_scenario/gather/attacker_0/logs/ait.aecid.attacker.wpdiscuz/traffic.json
